Cache sync 1 at Sun Jul 19 19:07:46 UTC 2026
Cache sync 2 at Sun Jul 19 19:07:46 UTC 2026
Cache sync 3 at Sun Jul 19 19:07:46 UTC 2026
Cache sync 4 at Sun Jul 19 19:07:46 UTC 2026
Cache sync 5 at Sun Jul 19 19:07:46 UTC 2026
Cache sync 6 at Sun Jul 19 19:07:46 UTC 2026
Cache sync 7 at Sun Jul 19 19:07:46 UTC 2026
Cache sync 8 at Sun Jul 19 19:07:46 UTC 2026
Cache sync 9 at Sun Jul 19 19:07:46 UTC 2026
Cache sync 10 at Sun Jul 19 19:07:46 UTC 2026
Cache sync 11 at Sun Jul 19 19:07:46 UTC 2026
Cache sync 12 at Sun Jul 19 19:07:46 UTC 2026
Cache sync 13 at Sun Jul 19 19:07:46 UTC 2026
Cache sync 14 at Sun Jul 19 19:07:46 UTC 2026
Cache sync 15 at Sun Jul 19 19:07:46 UTC 2026
Cache sync 16 at Sun Jul 19 19:07:46 UTC 2026
Cache sync 17 at Sun Jul 19 19:07:46 UTC 2026
Cache sync 18 at Sun Jul 19 19:07:46 UTC 2026
Cache sync 19 at Sun Jul 19 19:07:46 UTC 2026
Cache sync 20 at Sun Jul 19 19:07:46 UTC 2026
Cache sync 21 at Sun Jul 19 19:07:46 UTC 2026
Cache sync 22 at Sun Jul 19 19:07:46 UTC 2026
Cache sync 23 at Sun Jul 19 19:07:46 UTC 2026
Cache sync 24 at Sun Jul 19 19:07:46 UTC 2026
Cache sync 1 at Tue Jul 21 18:14:15 UTC 2026
Cache sync 2 at Tue Jul 21 18:14:15 UTC 2026
Cache sync 3 at Tue Jul 21 18:14:15 UTC 2026
Cache sync 4 at Tue Jul 21 18:14:15 UTC 2026
Cache sync 5 at Tue Jul 21 18:14:15 UTC 2026
Cache sync 6 at Tue Jul 21 18:14:15 UTC 2026
Cache sync 7 at Tue Jul 21 18:14:15 UTC 2026
Cache sync 8 at Tue Jul 21 18:14:15 UTC 2026
Cache sync 9 at Tue Jul 21 18:14:15 UTC 2026
Cache sync 10 at Tue Jul 21 18:14:15 UTC 2026
Cache sync 11 at Tue Jul 21 18:14:15 UTC 2026
Cache sync 12 at Tue Jul 21 18:14:15 UTC 2026
Cache sync 13 at Tue Jul 21 18:14:15 UTC 2026
Cache sync 14 at Tue Jul 21 18:14:15 UTC 2026
Cache sync 15 at Tue Jul 21 18:14:15 UTC 2026
Cache sync 16 at Tue Jul 21 18:14:15 UTC 2026
Cache sync 17 at Tue Jul 21 18:14:15 UTC 2026
Cache sync 18 at Tue Jul 21 18:14:15 UTC 2026
Cache sync 19 at Tue Jul 21 18:14:15 UTC 2026
Cache sync 20 at Tue Jul 21 18:14:15 UTC 2026
Cache sync 1 at Wed Jul 22 18:05:58 UTC 2026
Cache sync 1 at Thu Jul 23 18:10:37 UTC 2026
Cache sync 2 at Thu Jul 23 18:10:37 UTC 2026
Cache sync 3 at Thu Jul 23 18:10:37 UTC 2026
Cache sync 4 at Thu Jul 23 18:10:37 UTC 2026
Cache sync 5 at Thu Jul 23 18:10:37 UTC 2026
Cache sync 6 at Thu Jul 23 18:10:37 UTC 2026
Cache sync 7 at Thu Jul 23 18:10:37 UTC 2026
Cache sync 8 at Thu Jul 23 18:10:37 UTC 2026
Cache sync 9 at Thu Jul 23 18:10:37 UTC 2026
Cache sync 10 at Thu Jul 23 18:10:37 UTC 2026
Cache sync 11 at Thu Jul 23 18:10:37 UTC 2026
Cache sync 12 at Thu Jul 23 18:10:38 UTC 2026
Cache sync 13 at Thu Jul 23 18:10:38 UTC 2026
Cache sync 14 at Thu Jul 23 18:10:38 UTC 2026
Cache sync 15 at Thu Jul 23 18:10:38 UTC 2026
Cache sync 16 at Thu Jul 23 18:10:38 UTC 2026
Cache sync 17 at Thu Jul 23 18:10:38 UTC 2026
Cache sync 18 at Thu Jul 23 18:10:38 UTC 2026
Cache sync 19 at Thu Jul 23 18:10:38 UTC 2026
Cache sync 20 at Thu Jul 23 18:10:38 UTC 2026
Cache sync 21 at Thu Jul 23 18:10:38 UTC 2026
Cache sync 22 at Thu Jul 23 18:10:38 UTC 2026
Cache sync 23 at Thu Jul 23 18:10:38 UTC 2026
Cache sync 24 at Thu Jul 23 18:10:38 UTC 2026
Cache sync 25 at Thu Jul 23 18:10:38 UTC 2026
Cache sync 26 at Thu Jul 23 18:10:38 UTC 2026
Cache sync 27 at Thu Jul 23 18:10:38 UTC 2026
Cache sync 28 at Thu Jul 23 18:10:38 UTC 2026
Cache sync 29 at Thu Jul 23 18:10:38 UTC 2026
Cache sync 30 at Thu Jul 23 18:10:38 UTC 2026
Cache sync 31 at Thu Jul 23 18:10:38 UTC 2026
Cache sync 32 at Thu Jul 23 18:10:38 UTC 2026
Cache sync 33 at Thu Jul 23 18:10:38 UTC 2026
Cache sync 34 at Thu Jul 23 18:10:38 UTC 2026
Cache sync 35 at Thu Jul 23 18:10:38 UTC 2026
Cache sync 36 at Thu Jul 23 18:10:38 UTC 2026
Cache sync 37 at Thu Jul 23 18:10:38 UTC 2026
Cache sync 38 at Thu Jul 23 18:10:38 UTC 2026
Cache sync 39 at Thu Jul 23 18:10:38 UTC 2026
Cache sync 40 at Thu Jul 23 18:10:38 UTC 2026
Cache sync 41 at Thu Jul 23 18:10:38 UTC 2026
Cache sync 42 at Thu Jul 23 18:10:38 UTC 2026
Cache sync 43 at Thu Jul 23 18:10:38 UTC 2026
Cache sync 1 at Fri Jul 24 18:16:04 UTC 2026
Cache sync 2 at Fri Jul 24 18:16:04 UTC 2026
Cache sync 3 at Fri Jul 24 18:16:04 UTC 2026
Cache sync 4 at Fri Jul 24 18:16:04 UTC 2026
Cache sync 5 at Fri Jul 24 18:16:04 UTC 2026
Cache sync 6 at Fri Jul 24 18:16:04 UTC 2026
Cache sync 7 at Fri Jul 24 18:16:04 UTC 2026
Cache sync 8 at Fri Jul 24 18:16:04 UTC 2026
Cache sync 9 at Fri Jul 24 18:16:04 UTC 2026
Cache sync 10 at Fri Jul 24 18:16:04 UTC 2026
Cache sync 11 at Fri Jul 24 18:16:04 UTC 2026
Cache sync 12 at Fri Jul 24 18:16:04 UTC 2026
Cache sync 13 at Fri Jul 24 18:16:04 UTC 2026
Cache sync 14 at Fri Jul 24 18:16:04 UTC 2026
Cache sync 15 at Fri Jul 24 18:16:04 UTC 2026
Cache sync 16 at Fri Jul 24 18:16:04 UTC 2026
Cache sync 17 at Fri Jul 24 18:16:04 UTC 2026
Cache sync 18 at Fri Jul 24 18:16:04 UTC 2026
Cache sync 19 at Fri Jul 24 18:16:04 UTC 2026
Cache sync 20 at Fri Jul 24 18:16:04 UTC 2026
